1.коли вже закінчились вхідні символи, а буфер не порожній
2.недопустимий вхідний символ
3.подвійна крапка (..)
4.символьна чи літеральна константа так і не завершилася, а обіравлась символом переходу на інший рядок 
5.завелика кількість символів у символьній константі